1>2>Cantidad hospitales: 3
Cupos hospitales: 1 1 2 
Cantidad estudiantes: 5
Preferencias hospitales
Preferencias hospital h0: 4 1 3 2 0 
Preferencias hospital h1: 0 2 3 1 4 
Preferencias hospital h2: 0 1 2 3 4 
Preferencias estudiantes
Preferencias estudiante e0: 1 0 2 
Preferencias estudiante e1: 2 1 0 
Preferencias estudiante e2: 2 0 1 
Preferencias estudiante e3: 0 2 1 
Preferencias estudiante e4: 2 0 1 
3>4>(0, 1) (1, 2) (2, 2) (3, libre) (4, 0) 
5>Fin.
