1>2>Cantidad hospitales: 2
Cupos hospitales: 1 2 
Cantidad estudiantes: 4
Preferencias hospitales
Preferencias hospital h0: 2 1 0 3 
Preferencias hospital h1: 1 3 2 0 
Preferencias estudiantes
Preferencias estudiante e0: 0 1 
Preferencias estudiante e1: 0 1 
Preferencias estudiante e2: 1 0 
Preferencias estudiante e3: 1 1 
3>4>(0, libre) (1, 1) (2, 0) (3, 1) 
5>Fin.
