1>Max Datos Procesados: 199891448
Cantidad Datos Planificacion: 199891448
2>Fin.
